<!DOCTYPE html>
<html lang="en">
  <head>
    <title>Custom metadata key</title>
  </head>
  <body>
    <h1>Custom metadata key</h1>
    <p>This is the environmental variable "npm_package_config_foo":</p><code>
      <pre>bar</pre></code>
  </body>
</html>